2018-04-28 22:19:53,764 - test - INFO - Добавление в базу
2018-04-28 22:20:47,288 - test - INFO - Добавление в базу
2018-04-28 22:21:17,938 - test - INFO - Добавление в базу
2018-04-28 22:22:13,359 - test - INFO - Добавление в базу
2018-04-28 22:22:29,597 - test - INFO - Добавление в базу
2018-04-28 22:22:50,941 - test - INFO - Добавление в базу
2018-04-28 22:22:51,031 - test - INFO - Изменение в базе
2018-04-28 22:23:50,153 - test - INFO - Добавление в базу
2018-04-28 22:24:03,105 - test - INFO - Добавление в базу
2018-04-28 22:24:03,182 - test - INFO - Изменение в базе
2018-04-28 22:25:09,378 - test - INFO - Добавление в базу
2018-04-28 22:25:09,468 - test - INFO - Изменение в базе
2018-04-28 22:25:09,534 - test - INFO - Выборка
2018-04-28 22:27:05,804 - test - INFO - Добавление в базу
2018-04-28 22:27:05,882 - test - INFO - Изменение в базе
2018-04-28 22:27:05,949 - test - INFO - Выборка
2018-04-28 22:30:05,318 - test - INFO - Добавление в базу
2018-04-28 22:30:05,414 - test - INFO - Изменение в базе
2018-04-28 22:30:05,480 - test - INFO - Выборка
2018-04-28 22:30:36,109 - test - INFO - Добавление в базу
2018-04-28 22:30:41,052 - test - INFO - Добавление в базу
2018-04-28 22:30:41,129 - test - INFO - Изменение в базе
2018-04-28 22:30:41,204 - test - INFO - Выборка
2018-04-28 22:30:41,205 - test - INFO - <sqlite3.Cursor object at 0x7f6b7fcec030>
2018-04-28 22:30:41,205 - test - INFO - Удаление из базы
2018-04-28 22:48:41,610 - test - INFO - Добавление в базу
2018-04-28 22:49:18,654 - test - INFO - Добавление в базу
2018-04-28 22:49:18,734 - test - INFO - Изменение в базе
2018-04-28 22:49:18,801 - test - INFO - Выборка
2018-04-28 22:49:18,802 - test - INFO - <sqlite3.Cursor object at 0x7fd6596dd490>
2018-04-28 22:49:18,802 - test - INFO - Удаление из базы
2018-04-28 22:50:41,966 - test - INFO - Добавление в базу
2018-04-28 22:50:42,045 - test - INFO - Изменение в базе
2018-04-28 22:50:42,129 - test - INFO - Выборка
2018-04-28 22:50:42,129 - test - INFO - []
2018-04-28 22:50:42,129 - test - INFO - Удаление из базы
2018-04-28 22:51:28,141 - test - INFO - Добавление в базу
2018-04-28 22:51:28,210 - test - INFO - Изменение в базе
2018-04-28 22:51:28,293 - test - INFO - Выборка
2018-04-28 22:51:28,294 - test - INFO - []
2018-04-28 22:51:28,294 - test - INFO - Удаление из базы
2018-04-28 22:53:04,691 - test - INFO - Добавление в базу
2018-04-28 22:53:04,762 - test - INFO - Изменение в базе
2018-04-28 22:53:04,837 - test - INFO - Выборка
2018-04-28 22:53:04,837 - test - INFO - []
2018-04-28 22:53:04,838 - test - INFO - Удаление из базы
2018-04-28 22:53:27,892 - test - INFO - Добавление в базу
2018-04-28 22:53:27,986 - test - INFO - Изменение в базе
2018-04-28 22:53:28,053 - test - INFO - Выборка
2018-04-28 22:53:28,053 - test - INFO - []
2018-04-28 22:54:23,442 - test - INFO - Добавление в базу
2018-04-28 22:54:23,510 - test - INFO - Изменение в базе
2018-04-28 22:54:23,585 - test - INFO - Выборка
2018-04-28 22:54:23,586 - test - INFO - []
2018-04-28 22:55:47,322 - test - INFO - Добавление в базу
2018-04-28 22:55:47,404 - test - INFO - Изменение в базе
2018-04-28 22:55:47,479 - test - INFO - Выборка
2018-04-28 22:55:47,480 - test - INFO - []
2018-04-28 22:55:47,480 - test - INFO - Удаление из базы
2018-04-28 22:56:13,718 - test - INFO - Добавление в базу
2018-04-28 22:56:13,810 - test - INFO - Изменение в базе
2018-04-28 22:56:13,893 - test - INFO - Выборка
2018-04-28 22:56:13,894 - test - INFO - [(34214123, 'virta_ps', 0)]
2018-04-28 22:56:13,895 - test - INFO - Удаление из базы
2018-04-28 23:14:34,358 - test - INFO - Добавление в базу
2018-04-28 23:14:34,447 - test - INFO - Изменение в базе
2018-04-28 23:14:34,513 - test - INFO - Выборка
2018-04-28 23:14:34,514 - test - INFO - [(34214123, 'virta_ps', 0)]
2018-04-28 23:14:34,515 - test - INFO - Добавление пользователя в базу
2018-04-28 23:14:34,580 - test - INFO - Добавление поста в базу
2018-04-28 23:14:34,638 - test - INFO - Добавление лайка в базу
2018-04-28 23:14:34,759 - test - INFO - Добавление коммента в базу
2018-05-01 17:12:35,866 - test - INFO - Добавление в базу
2018-05-01 17:12:35,955 - test - INFO - Изменение в базе
2018-05-01 17:12:36,030 - test - INFO - Выборка
2018-05-01 17:12:36,031 - test - INFO - [(34214123, 'virta_ps', 0)]
2018-05-01 17:12:36,031 - test - INFO - Добавление пользователя в базу
2018-05-01 17:12:36,105 - test - INFO - Добавление поста в базу
2018-05-01 17:12:36,189 - test - INFO - Добавление лайка в базу
2018-05-01 17:12:36,263 - test - INFO - Добавление коммента в базу
2018-05-01 17:14:03,850 - test - INFO - Добавление в базу
2018-05-01 17:14:03,933 - test - INFO - Изменение в базе
2018-05-01 17:14:04,033 - test - INFO - Выборка
2018-05-01 17:14:04,033 - test - INFO - [(34214123, 'virta_ps', 0)]
2018-05-01 17:14:04,034 - test - INFO - Добавление пользователя в базу
2018-05-01 17:14:04,141 - test - INFO - Добавление поста в базу
2018-05-01 17:14:04,208 - test - INFO - Добавление лайка в базу
2018-05-01 17:14:04,308 - test - INFO - Добавление коммента в базу
2018-05-01 17:14:47,576 - test - INFO - Добавление в базу
2018-05-01 17:14:47,649 - test - INFO - Изменение в базе
2018-05-01 17:14:47,733 - test - INFO - Выборка
2018-05-01 17:14:47,733 - test - INFO - [(34214123, 'virta_ps', 0)]
2018-05-01 17:14:47,733 - test - INFO - Добавление пользователя в базу
2018-05-01 17:14:47,808 - test - INFO - Добавление поста в базу
2018-05-01 17:14:47,891 - test - INFO - Добавление лайка в базу
2018-05-01 17:14:47,974 - test - INFO - Добавление коммента в базу
2018-05-01 17:16:02,445 - test - INFO - Добавление в базу
2018-05-01 17:16:02,517 - test - INFO - Изменение в базе
2018-05-01 17:16:02,581 - test - INFO - Выборка
2018-05-01 17:16:02,582 - test - INFO - [(34214123, 'virta_ps', 0)]
2018-05-01 17:16:02,582 - test - INFO - Добавление пользователя в базу
2018-05-01 17:16:02,646 - test - INFO - Добавление поста в базу
2018-05-01 17:16:02,768 - test - INFO - Добавление лайка в базу
2018-05-01 17:16:02,937 - test - INFO - Добавление коммента в базу
2018-05-01 17:17:14,706 - test - INFO - Добавление в базу
2018-05-01 17:17:14,785 - test - INFO - Изменение в базе
2018-05-01 17:17:14,852 - test - INFO - Выборка
2018-05-01 17:17:14,852 - test - INFO - [(34214123, 'virta_ps', 0)]
2018-05-01 17:17:14,853 - test - INFO - Добавление пользователя в базу
2018-05-01 17:17:14,927 - test - INFO - Добавление поста в базу
2018-05-01 17:17:15,002 - test - INFO - Добавление лайка в базу
2018-05-01 17:17:15,077 - test - INFO - Добавление коммента в базу
2018-05-01 17:17:15,152 - test - INFO - Добавление статистики в базу
2018-05-01 17:17:49,689 - test - INFO - Добавление в базу
2018-05-01 17:17:49,766 - test - INFO - Изменение в базе
2018-05-01 17:17:49,841 - test - INFO - Выборка
2018-05-01 17:17:49,842 - test - INFO - [(34214123, 'virta_ps', 0)]
2018-05-01 17:17:49,842 - test - INFO - Добавление пользователя в базу
2018-05-01 17:17:49,916 - test - INFO - Добавление поста в базу
2018-05-01 17:17:50,008 - test - INFO - Добавление лайка в базу
2018-05-01 17:17:50,084 - test - INFO - Добавление коммента в базу
2018-05-01 17:17:50,184 - test - INFO - Добавление статистики в базу
2018-05-01 17:17:50,263 - test - INFO - Удаление из базы
2018-05-01 17:17:50,335 - test - INFO - Добавление фолловеров
2018-05-01 17:18:14,047 - test - INFO - Добавление в базу
2018-05-01 17:18:14,134 - test - INFO - Изменение в базе
2018-05-01 17:18:14,199 - test - INFO - Выборка
2018-05-01 17:18:14,200 - test - INFO - [(34214123, 'virta_ps', 0)]
2018-05-01 17:18:14,200 - test - INFO - Добавление пользователя в базу
2018-05-01 17:18:14,280 - test - INFO - Добавление поста в базу
2018-05-01 17:18:14,346 - test - INFO - Добавление лайка в базу
2018-05-01 17:18:14,419 - test - INFO - Добавление коммента в базу
2018-05-01 17:18:14,492 - test - INFO - Добавление статистики в базу
2018-05-01 17:18:14,566 - test - INFO - Удаление из базы
2018-05-01 17:18:14,639 - test - INFO - Добавление фолловеров
2018-05-01 17:18:37,878 - test - INFO - Добавление в базу
2018-05-01 17:18:37,965 - test - INFO - Изменение в базе
2018-05-01 17:18:38,048 - test - INFO - Выборка
2018-05-01 17:18:38,049 - test - INFO - [(34214123, 'virta_ps', 0)]
2018-05-01 17:18:38,049 - test - INFO - Добавление пользователя в базу
2018-05-01 17:18:38,115 - test - INFO - Добавление поста в базу
2018-05-01 17:18:38,207 - test - INFO - Добавление лайка в базу
2018-05-01 17:18:38,298 - test - INFO - Добавление коммента в базу
2018-05-01 17:18:38,398 - test - INFO - Добавление статистики в базу
2018-05-01 17:18:38,490 - test - INFO - Удаление из базы
2018-05-01 17:18:38,581 - test - INFO - Добавление фолловеров
2018-05-01 17:20:04,910 - test - INFO - Добавление в базу
2018-05-01 17:20:04,978 - test - INFO - Изменение в базе
2018-05-01 17:20:05,061 - test - INFO - Выборка
2018-05-01 17:20:05,062 - test - INFO - [(34214123, 'virta_ps', 0)]
2018-05-01 17:20:05,062 - test - INFO - Добавление пользователя в базу
2018-05-01 17:20:05,062 - test - INFO - Добавление поста в базу
2018-05-01 17:20:05,153 - test - INFO - Добавление лайка в базу
2018-05-01 17:20:05,244 - test - INFO - Добавление коммента в базу
2018-05-01 17:20:05,336 - test - INFO - Добавление статистики в базу
2018-05-01 17:20:05,428 - test - INFO - Удаление из базы
2018-05-01 17:20:05,511 - test - INFO - Добавление фолловеров
2018-05-01 17:20:58,869 - test - INFO - Добавление в базу
2018-05-01 17:20:59,077 - test - INFO - Изменение в базе
2018-05-01 17:20:59,157 - test - INFO - Выборка
2018-05-01 17:20:59,158 - test - INFO - [(34214123, 'virta_ps', 0)]
2018-05-01 17:20:59,158 - test - INFO - Добавление пользователя в базу
2018-05-01 17:20:59,222 - test - INFO - Добавление поста в базу
2018-05-01 17:20:59,310 - test - INFO - Добавление лайка в базу
2018-05-01 17:20:59,375 - test - INFO - Добавление коммента в базу
2018-05-01 17:20:59,439 - test - INFO - Добавление статистики в базу
2018-05-01 17:20:59,504 - test - INFO - Удаление из базы
2018-05-01 17:20:59,568 - test - INFO - Добавление фолловеров
2018-05-01 17:21:21,760 - test - INFO - Добавление в базу
2018-05-01 17:21:21,877 - test - INFO - Изменение в базе
2018-05-01 17:21:21,952 - test - INFO - Выборка
2018-05-01 17:21:21,953 - test - INFO - [(34214123, 'virta_ps', 0)]
2018-05-01 17:21:21,953 - test - INFO - Добавление пользователя в базу
2018-05-01 17:21:21,954 - test - INFO - Добавление поста в базу
2018-05-01 17:21:22,035 - test - INFO - Добавление лайка в базу
2018-05-01 17:21:22,110 - test - INFO - Добавление коммента в базу
2018-05-01 17:21:22,185 - test - INFO - Добавление статистики в базу
2018-05-01 17:21:22,260 - test - INFO - Удаление из базы
2018-05-01 17:21:22,326 - test - INFO - Добавление фолловеров
2018-05-01 17:22:16,624 - test - INFO - Добавление в базу
2018-05-01 17:22:16,773 - test - INFO - Изменение в базе
2018-05-01 17:22:16,941 - test - INFO - Выборка
2018-05-01 17:22:16,943 - test - INFO - [(34214123, 'virta_ps', 0)]
2018-05-01 17:22:16,943 - test - INFO - Добавление пользователя в базу
2018-05-01 17:22:16,944 - test - INFO - Добавление поста в базу
2018-05-01 17:22:17,059 - test - INFO - Добавление лайка в базу
2018-05-01 17:22:17,126 - test - INFO - Добавление коммента в базу
2018-05-01 17:22:17,193 - test - INFO - Добавление статистики в базу
2018-05-01 17:22:17,260 - test - INFO - Удаление из базы
2018-05-01 17:22:17,327 - test - INFO - Добавление фолловеров
2018-05-01 17:22:40,898 - test - INFO - Добавление в базу
2018-05-01 17:22:40,974 - test - INFO - Изменение в базе
2018-05-01 17:22:41,040 - test - INFO - Выборка
2018-05-01 17:22:41,041 - test - INFO - [(34214123, 'virta_ps', 0)]
2018-05-01 17:22:41,041 - test - INFO - Добавление пользователя в базу
2018-05-01 17:22:41,042 - test - INFO - Добавление поста в базу
2018-05-01 17:22:41,127 - test - INFO - Добавление лайка в базу
2018-05-01 17:22:41,213 - test - INFO - Добавление коммента в базу
2018-05-01 17:22:41,279 - test - INFO - Добавление статистики в базу
2018-05-01 17:22:41,345 - test - INFO - Удаление из базы
2018-05-01 17:22:41,411 - test - INFO - Добавление фолловеров
2018-05-01 17:23:05,090 - test - INFO - Добавление в базу
2018-05-01 17:23:05,173 - test - INFO - Изменение в базе
2018-05-01 17:23:05,240 - test - INFO - Выборка
2018-05-01 17:23:05,241 - test - INFO - [(34214123, 'virta_ps', 0)]
2018-05-01 17:23:05,241 - test - INFO - Добавление пользователя в базу
2018-05-01 17:23:05,241 - test - INFO - Добавление поста в базу
2018-05-01 17:23:05,311 - test - INFO - Добавление лайка в базу
2018-05-01 17:23:05,382 - test - INFO - Добавление коммента в базу
2018-05-01 17:23:05,440 - test - INFO - Добавление статистики в базу
2018-05-01 17:23:05,498 - test - INFO - Удаление из базы
2018-05-01 17:23:05,556 - test - INFO - Добавление фолловеров
2018-05-01 17:23:32,867 - test - INFO - Добавление в базу
2018-05-01 17:23:32,945 - test - INFO - Изменение в базе
2018-05-01 17:23:33,003 - test - INFO - Выборка
2018-05-01 17:23:33,003 - test - INFO - [(34214123, 'virta_ps', 0)]
2018-05-01 17:23:33,003 - test - INFO - Добавление пользователя в базу
2018-05-01 17:23:33,004 - test - INFO - Добавление поста в базу
2018-05-01 17:23:33,074 - test - INFO - Добавление лайка в базу
2018-05-01 17:23:33,144 - test - INFO - Добавление коммента в базу
2018-05-01 17:23:33,211 - test - INFO - Добавление статистики в базу
2018-05-01 17:23:33,286 - test - INFO - Удаление из базы
2018-05-01 17:23:33,352 - test - INFO - Добавление фолловеров
2018-05-01 17:23:51,188 - test - INFO - Добавление в базу
2018-05-01 17:23:51,256 - test - INFO - Изменение в базе
2018-05-01 17:23:51,348 - test - INFO - Выборка
2018-05-01 17:23:51,348 - test - INFO - [(34214123, 'virta_ps', 0)]
2018-05-01 17:23:51,348 - test - INFO - Добавление пользователя в базу
2018-05-01 17:23:51,431 - test - INFO - Добавление поста в базу
2018-05-01 17:23:51,531 - test - INFO - Добавление лайка в базу
2018-05-01 17:23:51,614 - test - INFO - Добавление коммента в базу
2018-05-01 17:23:51,706 - test - INFO - Добавление статистики в базу
2018-05-01 17:23:51,796 - test - INFO - Удаление из базы
2018-05-01 17:23:51,864 - test - INFO - Добавление фолловеров
2018-05-01 17:40:46,588 - test - INFO - Добавление в базу
2018-05-01 17:40:46,676 - test - INFO - Изменение в базе
2018-05-01 17:40:46,743 - test - INFO - Выборка
2018-05-01 17:40:46,743 - test - INFO - [(34214123, 'virta_ps', 0)]
2018-05-01 17:40:46,743 - test - INFO - Добавление пользователя в базу
2018-05-01 17:40:46,810 - test - INFO - Добавление поста в базу
2018-05-01 17:40:46,886 - test - INFO - Добавление лайка в базу
2018-05-01 17:40:46,969 - test - INFO - Добавление коммента в базу
2018-05-01 17:40:47,053 - test - INFO - Добавление статистики в базу
2018-05-01 17:40:47,136 - test - INFO - Удаление из базы
2018-05-01 17:40:47,209 - test - INFO - Добавление фолловеров
